// 重构日志: 6fc5269c
// 重构日志: 063e21e1
// 同步 ID: a5c64e73 @ Thu Jul 16 11:06:27 UTC 2026
// 重构日志: 5f48f87f
// 重构日志: b8714282
// 重构日志: cd4406d8
// 重构日志: 65f1cc52
// 同步 ID: 54568861 @ Sun Jul 19 09:42:42 UTC 2026
// 同步 ID: f4f988ff @ Sun Jul 19 11:35:12 UTC 2026
// 重构日志: 6313c7c4
// 同步 ID: 2b672cae @ Wed Jul 22 09:51:21 UTC 2026
// 同步 ID: e2eb005a @ Wed Jul 22 12:31:50 UTC 2026
// 重构日志: 9c73100b
// 重构日志: 93cadcb3
// 重构日志: 8649267b
// 重构日志: b5acbd42
// 重构日志: 4b448450
// 同步 ID: 3635cded @ Sat Jul 25 04:32:08 UTC 2026
// 重构日志: fbfe3f22
// 重构日志: ba70b08f
// 重构日志: 1f81fe7f
// 重构日志: 92fd5679
// 重构日志: 51640d88
// 重构日志: 6b9f78e0
// 同步 ID: a3535e4a @ Sat Aug  1 18:02:46 UTC 2026
// 同步 ID: da41b02e @ Sun Aug  2 14:05:50 UTC 2026
// 重构日志: 43cb0eaa
// 同步 ID: d86dc158 @ Tue Aug  4 07:22:29 UTC 2026
// 重构日志: 28871b50
// 同步 ID: 9e6ec270 @ Wed Aug  5 03:51:54 UTC 2026
